// Jest Snapshot v1, https://goo.gl/fbAQLP

exports[`src/Components/List should render 1`] = `
<div
  className="List"
/>
`;
